---
http_interactions:
- request:
    method: get
    uri: http://licenses.opendefinition.org/licenses/OGL-UK-3.0.json
    body:
      encoding: US-ASCII
      string: ''
    headers:
      Accept-Encoding:
      - gzip;q=1.0,deflate;q=0.6,identity;q=0.3
      Accept:
      - "*/*"
      User-Agent:
      - Ruby
  response:
    status:
      code: 200
      message: OK
    headers:
      Server:
      - GitHub.com
      Content-Type:
      - application/json; charset=utf-8
      Last-Modified:
      - Mon, 19 Jan 2015 04:59:03 GMT
      Access-Control-Allow-Origin:
      - "*"
      Expires:
      - Tue, 07 Feb 2017 20:25:31 GMT
      Cache-Control:
      - max-age=600
      X-Github-Request-Id:
      - 41C6:7E94:2A7D15E:35EC65E:589A2AE2
      Content-Length:
      - '261'
      Accept-Ranges:
      - bytes
      Date:
      - Tue, 07 Feb 2017 20:18:55 GMT
      Via:
      - 1.1 varnish
      Age:
      - '167'
      Connection:
      - keep-alive
      X-Served-By:
      - cache-lcy1139-LCY
      X-Cache:
      - HIT
      X-Cache-Hits:
      - '1'
      X-Timer:
      - S1486498735.541385,VS0,VE0
      Vary:
      - Accept-Encoding
      X-Fastly-Request-Id:
      - 8589eb1ffa41635ba7f02fa887da93a9870872cc
    body:
      encoding: ASCII-8BIT
      string: "{\n  \"domain_content\": true, \n  \"domain_data\": true, \n  \"domain_software\":
        true, \n  \"family\": \"\", \n  \"id\": \"OGL-UK-3.0\", \n  \"is_generic\":
        false, \n  \"od_conformance\": \"approved\", \n  \"osd_conformance\": \"not
        reviewed\", \n  \"maintainer\": \"UK Government\", \n  \"status\": \"active\",
        \n  \"title\": \"Open Government Licence 3.0 (United Kingdom)\", \n  \"url\":
        \"https://www.nationalarchives.gov.uk/doc/open-government-licence/version/3/\"\n}\n"
    http_version: 
  recorded_at: Tue, 07 Feb 2017 20:18:55 GMT
- request:
    method: get
    uri: http://licenses.opendefinition.org/licenses/OGL-UK-3.0.json
    body:
      encoding: US-ASCII
      string: ''
    headers:
      Accept-Encoding:
      - gzip;q=1.0,deflate;q=0.6,identity;q=0.3
      Accept:
      - "*/*"
      User-Agent:
      - Ruby
  response:
    status:
      code: 200
      message: OK
    headers:
      Server:
      - GitHub.com
      Content-Type:
      - application/json; charset=utf-8
      Last-Modified:
      - Mon, 19 Jan 2015 04:59:03 GMT
      Access-Control-Allow-Origin:
      - "*"
      Expires:
      - Tue, 07 Feb 2017 20:25:31 GMT
      Cache-Control:
      - max-age=600
      X-Github-Request-Id:
      - 41C6:7E94:2A7D15E:35EC65E:589A2AE2
      Content-Length:
      - '261'
      Accept-Ranges:
      - bytes
      Date:
      - Tue, 07 Feb 2017 20:18:55 GMT
      Via:
      - 1.1 varnish
      Age:
      - '167'
      Connection:
      - keep-alive
      X-Served-By:
      - cache-lcy1127-LCY
      X-Cache:
      - HIT
      X-Cache-Hits:
      - '1'
      X-Timer:
      - S1486498735.618772,VS0,VE0
      Vary:
      - Accept-Encoding
      X-Fastly-Request-Id:
      - e70c7db0e4446a175c28b89db0f683a0cb2abfea
    body:
      encoding: ASCII-8BIT
      string: "{\n  \"domain_content\": true, \n  \"domain_data\": true, \n  \"domain_software\":
        true, \n  \"family\": \"\", \n  \"id\": \"OGL-UK-3.0\", \n  \"is_generic\":
        false, \n  \"od_conformance\": \"approved\", \n  \"osd_conformance\": \"not
        reviewed\", \n  \"maintainer\": \"UK Government\", \n  \"status\": \"active\",
        \n  \"title\": \"Open Government Licence 3.0 (United Kingdom)\", \n  \"url\":
        \"https://www.nationalarchives.gov.uk/doc/open-government-licence/version/3/\"\n}\n"
    http_version: 
  recorded_at: Tue, 07 Feb 2017 20:18:55 GMT
- request:
    method: get
    uri: http://licenses.opendefinition.org/licenses/OGL-UK-3.0.json
    body:
      encoding: US-ASCII
      string: ''
    headers:
      Accept-Encoding:
      - gzip;q=1.0,deflate;q=0.6,identity;q=0.3
      Accept:
      - "*/*"
      User-Agent:
      - Ruby
  response:
    status:
      code: 200
      message: OK
    headers:
      Server:
      - GitHub.com
      Content-Type:
      - application/json; charset=utf-8
      Last-Modified:
      - Mon, 19 Jan 2015 04:59:03 GMT
      Access-Control-Allow-Origin:
      - "*"
      Expires:
      - Tue, 07 Feb 2017 20:25:31 GMT
      Cache-Control:
      - max-age=600
      X-Github-Request-Id:
      - 41C6:7E94:2A7D15E:35EC65E:589A2AE2
      Content-Length:
      - '261'
      Accept-Ranges:
      - bytes
      Date:
      - Tue, 07 Feb 2017 20:18:55 GMT
      Via:
      - 1.1 varnish
      Age:
      - '167'
      Connection:
      - keep-alive
      X-Served-By:
      - cache-lcy1127-LCY
      X-Cache:
      - HIT
      X-Cache-Hits:
      - '2'
      X-Timer:
      - S1486498735.687172,VS0,VE0
      Vary:
      - Accept-Encoding
      X-Fastly-Request-Id:
      - b0e94d5e42efab151c0b246bafe29a14c93f9765
    body:
      encoding: ASCII-8BIT
      string: "{\n  \"domain_content\": true, \n  \"domain_data\": true, \n  \"domain_software\":
        true, \n  \"family\": \"\", \n  \"id\": \"OGL-UK-3.0\", \n  \"is_generic\":
        false, \n  \"od_conformance\": \"approved\", \n  \"osd_conformance\": \"not
        reviewed\", \n  \"maintainer\": \"UK Government\", \n  \"status\": \"active\",
        \n  \"title\": \"Open Government Licence 3.0 (United Kingdom)\", \n  \"url\":
        \"https://www.nationalarchives.gov.uk/doc/open-government-licence/version/3/\"\n}\n"
    http_version: 
  recorded_at: Tue, 07 Feb 2017 20:18:55 GMT
- request:
    method: get
    uri: http://licenses.opendefinition.org/licenses/OGL-UK-3.0.json
    body:
      encoding: US-ASCII
      string: ''
    headers:
      Accept-Encoding:
      - gzip;q=1.0,deflate;q=0.6,identity;q=0.3
      Accept:
      - "*/*"
      User-Agent:
      - Ruby
  response:
    status:
      code: 200
      message: OK
    headers:
      Server:
      - GitHub.com
      Content-Type:
      - application/json; charset=utf-8
      Last-Modified:
      - Mon, 19 Jan 2015 04:59:03 GMT
      Access-Control-Allow-Origin:
      - "*"
      Expires:
      - Tue, 07 Feb 2017 20:25:31 GMT
      Cache-Control:
      - max-age=600
      X-Github-Request-Id:
      - 41C6:7E94:2A7D15E:35EC65E:589A2AE2
      Content-Length:
      - '261'
      Accept-Ranges:
      - bytes
      Date:
      - Tue, 07 Feb 2017 20:18:55 GMT
      Via:
      - 1.1 varnish
      Age:
      - '168'
      Connection:
      - keep-alive
      X-Served-By:
      - cache-lcy1149-LCY
      X-Cache:
      - HIT
      X-Cache-Hits:
      - '1'
      X-Timer:
      - S1486498735.742860,VS0,VE0
      Vary:
      - Accept-Encoding
      X-Fastly-Request-Id:
      - a91ba84d219323b68e3be718999d3ecaf628622f
    body:
      encoding: ASCII-8BIT
      string: "{\n  \"domain_content\": true, \n  \"domain_data\": true, \n  \"domain_software\":
        true, \n  \"family\": \"\", \n  \"id\": \"OGL-UK-3.0\", \n  \"is_generic\":
        false, \n  \"od_conformance\": \"approved\", \n  \"osd_conformance\": \"not
        reviewed\", \n  \"maintainer\": \"UK Government\", \n  \"status\": \"active\",
        \n  \"title\": \"Open Government Licence 3.0 (United Kingdom)\", \n  \"url\":
        \"https://www.nationalarchives.gov.uk/doc/open-government-licence/version/3/\"\n}\n"
    http_version: 
  recorded_at: Tue, 07 Feb 2017 20:18:55 GMT
recorded_with: VCR 3.0.3
