---
http_interactions:
- request:
    method: post
    uri: https://api.github.com/user/repos
    body:
      encoding: UTF-8
      string: '{"auto_init":true,"name":"my-awesome-repo"}'
    headers:
      Accept:
      - application/vnd.github.v3+json
      User-Agent:
      - Octokit Ruby Gem 4.3.0
      Content-Type:
      - application/json
      Authorization:
      - token <GITHUB_TOKEN>
      Accept-Encoding:
      - gzip;q=1.0,deflate;q=0.6,identity;q=0.3
  response:
    status:
      code: 201
      message: Created
    headers:
      Server:
      - GitHub.com
      Date:
      - Thu, 12 May 2016 09:20:54 GMT
      Content-Type:
      - application/json; charset=utf-8
      Content-Length:
      - '5500'
      Status:
      - 201 Created
      X-Ratelimit-Limit:
      - '5000'
      X-Ratelimit-Remaining:
      - '3284'
      X-Ratelimit-Reset:
      - '1463046077'
      Cache-Control:
      - private, max-age=60, s-maxage=60
      Vary:
      - Accept, Authorization, Cookie, X-GitHub-OTP
      - Accept-Encoding
      Etag:
      - '"2d0a774895e08ee088c35ec522a96f8c"'
      X-Oauth-Scopes:
      - delete_repo, repo, user:email
      X-Accepted-Oauth-Scopes:
      - public_repo, repo
      X-Oauth-Client-Id:
      - 5a928d2c36588bef4f4c
      Location:
      - https://api.github.com/repos/git-data-publisher/my-awesome-repo
      X-Github-Media-Type:
      - github.v3; format=json
      Access-Control-Expose-Headers:
      - ETag, Link, X-GitHub-OTP, X-RateLimit-Limit, X-RateLimit-Remaining, X-RateLimit-Reset,
        X-OAuth-Scopes, X-Accepted-OAuth-Scopes, X-Poll-Interval
      Access-Control-Allow-Origin:
      - "*"
      Content-Security-Policy:
      - default-src 'none'
      Strict-Transport-Security:
      - max-age=31536000; includeSubdomains; preload
      X-Content-Type-Options:
      - nosniff
      X-Frame-Options:
      - deny
      X-Xss-Protection:
      - 1; mode=block
      X-Served-By:
      - 593010132f82159af0ded24b4932e109
      X-Github-Request-Id:
      - 56A82ECA:FD18:B0BAF45:57344AF5
    body:
      encoding: UTF-8
      string: '{"id":58627054,"name":"my-awesome-repo","full_name":"git-data-publisher/my-awesome-repo","owner":{"login":"git-data-publisher","id":9130479,"avatar_url":"https://avatars.githubusercontent.com/u/9130479?v=3","gravatar_id":"","url":"https://api.github.com/users/git-data-publisher","html_url":"https://github.com/git-data-publisher","followers_url":"https://api.github.com/users/git-data-publisher/followers","following_url":"https://api.github.com/users/git-data-publisher/following{/other_user}","gists_url":"https://api.github.com/users/git-data-publisher/gists{/gist_id}","starred_url":"https://api.github.com/users/git-data-publisher/starred{/owner}{/repo}","subscriptions_url":"https://api.github.com/users/git-data-publisher/subscriptions","organizations_url":"https://api.github.com/users/git-data-publisher/orgs","repos_url":"https://api.github.com/users/git-data-publisher/repos","events_url":"https://api.github.com/users/git-data-publisher/events{/privacy}","received_events_url":"https://api.github.com/users/git-data-publisher/received_events","type":"User","site_admin":false},"private":false,"html_url":"https://github.com/git-data-publisher/my-awesome-repo","description":null,"fork":false,"url":"https://api.github.com/repos/git-data-publisher/my-awesome-repo","forks_url":"https://api.github.com/repos/git-data-publisher/my-awesome-repo/forks","keys_url":"https://api.github.com/repos/git-data-publisher/my-awesome-repo/keys{/key_id}","collaborators_url":"https://api.github.com/repos/git-data-publisher/my-awesome-repo/collaborators{/collaborator}","teams_url":"https://api.github.com/repos/git-data-publisher/my-awesome-repo/teams","hooks_url":"https://api.github.com/repos/git-data-publisher/my-awesome-repo/hooks","issue_events_url":"https://api.github.com/repos/git-data-publisher/my-awesome-repo/issues/events{/number}","events_url":"https://api.github.com/repos/git-data-publisher/my-awesome-repo/events","assignees_url":"https://api.github.com/repos/git-data-publisher/my-awesome-repo/assignees{/user}","branches_url":"https://api.github.com/repos/git-data-publisher/my-awesome-repo/branches{/branch}","tags_url":"https://api.github.com/repos/git-data-publisher/my-awesome-repo/tags","blobs_url":"https://api.github.com/repos/git-data-publisher/my-awesome-repo/git/blobs{/sha}","git_tags_url":"https://api.github.com/repos/git-data-publisher/my-awesome-repo/git/tags{/sha}","git_refs_url":"https://api.github.com/repos/git-data-publisher/my-awesome-repo/git/refs{/sha}","trees_url":"https://api.github.com/repos/git-data-publisher/my-awesome-repo/git/trees{/sha}","statuses_url":"https://api.github.com/repos/git-data-publisher/my-awesome-repo/statuses/{sha}","languages_url":"https://api.github.com/repos/git-data-publisher/my-awesome-repo/languages","stargazers_url":"https://api.github.com/repos/git-data-publisher/my-awesome-repo/stargazers","contributors_url":"https://api.github.com/repos/git-data-publisher/my-awesome-repo/contributors","subscribers_url":"https://api.github.com/repos/git-data-publisher/my-awesome-repo/subscribers","subscription_url":"https://api.github.com/repos/git-data-publisher/my-awesome-repo/subscription","commits_url":"https://api.github.com/repos/git-data-publisher/my-awesome-repo/commits{/sha}","git_commits_url":"https://api.github.com/repos/git-data-publisher/my-awesome-repo/git/commits{/sha}","comments_url":"https://api.github.com/repos/git-data-publisher/my-awesome-repo/comments{/number}","issue_comment_url":"https://api.github.com/repos/git-data-publisher/my-awesome-repo/issues/comments{/number}","contents_url":"https://api.github.com/repos/git-data-publisher/my-awesome-repo/contents/{+path}","compare_url":"https://api.github.com/repos/git-data-publisher/my-awesome-repo/compare/{base}...{head}","merges_url":"https://api.github.com/repos/git-data-publisher/my-awesome-repo/merges","archive_url":"https://api.github.com/repos/git-data-publisher/my-awesome-repo/{archive_format}{/ref}","downloads_url":"https://api.github.com/repos/git-data-publisher/my-awesome-repo/downloads","issues_url":"https://api.github.com/repos/git-data-publisher/my-awesome-repo/issues{/number}","pulls_url":"https://api.github.com/repos/git-data-publisher/my-awesome-repo/pulls{/number}","milestones_url":"https://api.github.com/repos/git-data-publisher/my-awesome-repo/milestones{/number}","notifications_url":"https://api.github.com/repos/git-data-publisher/my-awesome-repo/notifications{?since,all,participating}","labels_url":"https://api.github.com/repos/git-data-publisher/my-awesome-repo/labels{/name}","releases_url":"https://api.github.com/repos/git-data-publisher/my-awesome-repo/releases{/id}","deployments_url":"https://api.github.com/repos/git-data-publisher/my-awesome-repo/deployments","created_at":"2016-05-12T09:20:53Z","updated_at":"2016-05-12T09:20:53Z","pushed_at":"2016-05-12T09:20:54Z","git_url":"git://github.com/git-data-publisher/my-awesome-repo.git","ssh_url":"git@github.com:git-data-publisher/my-awesome-repo.git","clone_url":"https://github.com/git-data-publisher/my-awesome-repo.git","svn_url":"https://github.com/git-data-publisher/my-awesome-repo","homepage":null,"size":0,"stargazers_count":0,"watchers_count":0,"language":null,"has_issues":true,"has_downloads":true,"has_wiki":true,"has_pages":false,"forks_count":0,"mirror_url":null,"open_issues_count":0,"forks":0,"open_issues":0,"watchers":0,"default_branch":"master","permissions":{"admin":true,"push":true,"pull":true},"network_count":0,"subscribers_count":0}'
    http_version: 
  recorded_at: Thu, 12 May 2016 09:21:36 GMT
- request:
    method: get
    uri: https://api.github.com/repos/git-data-publisher/my-awesome-repo/branches/master
    body:
      encoding: US-ASCII
      string: ''
    headers:
      Accept:
      - application/vnd.github.v3+json
      User-Agent:
      - Octokit Ruby Gem 4.3.0
      Content-Type:
      - application/json
      Authorization:
      - token <GITHUB_TOKEN>
      Accept-Encoding:
      - gzip;q=1.0,deflate;q=0.6,identity;q=0.3
  response:
    status:
      code: 200
      message: OK
    headers:
      Server:
      - GitHub.com
      Date:
      - Thu, 12 May 2016 09:20:55 GMT
      Content-Type:
      - application/json; charset=utf-8
      Transfer-Encoding:
      - chunked
      Status:
      - 200 OK
      X-Ratelimit-Limit:
      - '5000'
      X-Ratelimit-Remaining:
      - '3283'
      X-Ratelimit-Reset:
      - '1463046077'
      Cache-Control:
      - private, max-age=60, s-maxage=60
      Vary:
      - Accept, Authorization, Cookie, X-GitHub-OTP
      - Accept-Encoding
      Etag:
      - W/"69def19d69a5fe3fea1364153ae13250"
      X-Oauth-Scopes:
      - delete_repo, repo, user:email
      X-Accepted-Oauth-Scopes:
      - ''
      X-Oauth-Client-Id:
      - 5a928d2c36588bef4f4c
      X-Github-Media-Type:
      - github.v3; format=json
      Access-Control-Expose-Headers:
      - ETag, Link, X-GitHub-OTP, X-RateLimit-Limit, X-RateLimit-Remaining, X-RateLimit-Reset,
        X-OAuth-Scopes, X-Accepted-OAuth-Scopes, X-Poll-Interval
      Access-Control-Allow-Origin:
      - "*"
      Content-Security-Policy:
      - default-src 'none'
      Strict-Transport-Security:
      - max-age=31536000; includeSubdomains; preload
      X-Content-Type-Options:
      - nosniff
      X-Frame-Options:
      - deny
      X-Xss-Protection:
      - 1; mode=block
      X-Served-By:
      - 8a5c38021a5cd7cef7b8f49a296fee40
      X-Github-Request-Id:
      - 56A82ECA:FD19:CF85FCC:57344AF6
    body:
      encoding: ASCII-8BIT
      string: '{"name":"master","commit":{"sha":"df3f584978740c2acadc7cff60c45a9dbb43981e","commit":{"author":{"name":"git-data-publisher","email":"pezholio+git-data-publisher@gmail.com","date":"2016-05-12T09:20:54Z"},"committer":{"name":"git-data-publisher","email":"pezholio+git-data-publisher@gmail.com","date":"2016-05-12T09:20:54Z"},"message":"Initial
        commit","tree":{"sha":"c028dbbdc73e274b5ef646cc63bf5c0bd0ca18ff","url":"https://api.github.com/repos/git-data-publisher/my-awesome-repo/git/trees/c028dbbdc73e274b5ef646cc63bf5c0bd0ca18ff"},"url":"https://api.github.com/repos/git-data-publisher/my-awesome-repo/git/commits/df3f584978740c2acadc7cff60c45a9dbb43981e","comment_count":0},"url":"https://api.github.com/repos/git-data-publisher/my-awesome-repo/commits/df3f584978740c2acadc7cff60c45a9dbb43981e","html_url":"https://github.com/git-data-publisher/my-awesome-repo/commit/df3f584978740c2acadc7cff60c45a9dbb43981e","comments_url":"https://api.github.com/repos/git-data-publisher/my-awesome-repo/commits/df3f584978740c2acadc7cff60c45a9dbb43981e/comments","author":{"login":"git-data-publisher","id":9130479,"avatar_url":"https://avatars.githubusercontent.com/u/9130479?v=3","gravatar_id":"","url":"https://api.github.com/users/git-data-publisher","html_url":"https://github.com/git-data-publisher","followers_url":"https://api.github.com/users/git-data-publisher/followers","following_url":"https://api.github.com/users/git-data-publisher/following{/other_user}","gists_url":"https://api.github.com/users/git-data-publisher/gists{/gist_id}","starred_url":"https://api.github.com/users/git-data-publisher/starred{/owner}{/repo}","subscriptions_url":"https://api.github.com/users/git-data-publisher/subscriptions","organizations_url":"https://api.github.com/users/git-data-publisher/orgs","repos_url":"https://api.github.com/users/git-data-publisher/repos","events_url":"https://api.github.com/users/git-data-publisher/events{/privacy}","received_events_url":"https://api.github.com/users/git-data-publisher/received_events","type":"User","site_admin":false},"committer":{"login":"git-data-publisher","id":9130479,"avatar_url":"https://avatars.githubusercontent.com/u/9130479?v=3","gravatar_id":"","url":"https://api.github.com/users/git-data-publisher","html_url":"https://github.com/git-data-publisher","followers_url":"https://api.github.com/users/git-data-publisher/followers","following_url":"https://api.github.com/users/git-data-publisher/following{/other_user}","gists_url":"https://api.github.com/users/git-data-publisher/gists{/gist_id}","starred_url":"https://api.github.com/users/git-data-publisher/starred{/owner}{/repo}","subscriptions_url":"https://api.github.com/users/git-data-publisher/subscriptions","organizations_url":"https://api.github.com/users/git-data-publisher/orgs","repos_url":"https://api.github.com/users/git-data-publisher/repos","events_url":"https://api.github.com/users/git-data-publisher/events{/privacy}","received_events_url":"https://api.github.com/users/git-data-publisher/received_events","type":"User","site_admin":false},"parents":[]},"_links":{"self":"https://api.github.com/repos/git-data-publisher/my-awesome-repo/branches/master","html":"https://github.com/git-data-publisher/my-awesome-repo/tree/master"}}'
    http_version: 
  recorded_at: Thu, 12 May 2016 09:21:36 GMT
- request:
    method: post
    uri: https://api.github.com/repos/git-data-publisher/my-awesome-repo/git/refs
    body:
      encoding: UTF-8
      string: '{"ref":"refs/heads/gh-pages","sha":"df3f584978740c2acadc7cff60c45a9dbb43981e"}'
    headers:
      Accept:
      - application/vnd.github.v3+json
      User-Agent:
      - Octokit Ruby Gem 4.3.0
      Content-Type:
      - application/json
      Authorization:
      - token <GITHUB_TOKEN>
      Accept-Encoding:
      - gzip;q=1.0,deflate;q=0.6,identity;q=0.3
  response:
    status:
      code: 201
      message: Created
    headers:
      Server:
      - GitHub.com
      Date:
      - Thu, 12 May 2016 09:20:55 GMT
      Content-Type:
      - application/json; charset=utf-8
      Content-Length:
      - '326'
      Status:
      - 201 Created
      X-Ratelimit-Limit:
      - '5000'
      X-Ratelimit-Remaining:
      - '3282'
      X-Ratelimit-Reset:
      - '1463046077'
      Cache-Control:
      - private, max-age=60, s-maxage=60
      Vary:
      - Accept, Authorization, Cookie, X-GitHub-OTP
      - Accept-Encoding
      Etag:
      - '"159e4d4144d655e84afa06816b7fc6cd"'
      X-Oauth-Scopes:
      - delete_repo, repo, user:email
      X-Accepted-Oauth-Scopes:
      - ''
      X-Oauth-Client-Id:
      - 5a928d2c36588bef4f4c
      Location:
      - https://api.github.com/repos/git-data-publisher/my-awesome-repo/git/refs/heads/gh-pages
      X-Github-Media-Type:
      - github.v3; format=json
      Access-Control-Expose-Headers:
      - ETag, Link, X-GitHub-OTP, X-RateLimit-Limit, X-RateLimit-Remaining, X-RateLimit-Reset,
        X-OAuth-Scopes, X-Accepted-OAuth-Scopes, X-Poll-Interval
      Access-Control-Allow-Origin:
      - "*"
      Content-Security-Policy:
      - default-src 'none'
      Strict-Transport-Security:
      - max-age=31536000; includeSubdomains; preload
      X-Content-Type-Options:
      - nosniff
      X-Frame-Options:
      - deny
      X-Xss-Protection:
      - 1; mode=block
      X-Served-By:
      - ef96c2e493b28ffea49b891b085ed2dd
      X-Github-Request-Id:
      - 56A82ECA:FD12:22FCCB2:57344AF7
    body:
      encoding: UTF-8
      string: '{"ref":"refs/heads/gh-pages","url":"https://api.github.com/repos/git-data-publisher/my-awesome-repo/git/refs/heads/gh-pages","object":{"sha":"df3f584978740c2acadc7cff60c45a9dbb43981e","type":"commit","url":"https://api.github.com/repos/git-data-publisher/my-awesome-repo/git/commits/df3f584978740c2acadc7cff60c45a9dbb43981e"}}'
    http_version: 
  recorded_at: Thu, 12 May 2016 09:21:37 GMT
- request:
    method: patch
    uri: https://api.github.com/repos/git-data-publisher/my-awesome-repo
    body:
      encoding: UTF-8
      string: '{"default_branch":"gh-pages","name":"my-awesome-repo"}'
    headers:
      Accept:
      - application/vnd.github.v3+json
      User-Agent:
      - Octokit Ruby Gem 4.3.0
      Content-Type:
      - application/json
      Authorization:
      - token <GITHUB_TOKEN>
      Accept-Encoding:
      - gzip;q=1.0,deflate;q=0.6,identity;q=0.3
  response:
    status:
      code: 200
      message: OK
    headers:
      Server:
      - GitHub.com
      Date:
      - Thu, 12 May 2016 09:20:55 GMT
      Content-Type:
      - application/json; charset=utf-8
      Transfer-Encoding:
      - chunked
      Status:
      - 200 OK
      X-Ratelimit-Limit:
      - '5000'
      X-Ratelimit-Remaining:
      - '3281'
      X-Ratelimit-Reset:
      - '1463046077'
      Cache-Control:
      - private, max-age=60, s-maxage=60
      Vary:
      - Accept, Authorization, Cookie, X-GitHub-OTP
      - Accept-Encoding
      Etag:
      - W/"8a580bf92cd5149f21bd92d667fd8287"
      X-Oauth-Scopes:
      - delete_repo, repo, user:email
      X-Accepted-Oauth-Scopes:
      - ''
      X-Oauth-Client-Id:
      - 5a928d2c36588bef4f4c
      X-Github-Media-Type:
      - github.v3; format=json
      Access-Control-Expose-Headers:
      - ETag, Link, X-GitHub-OTP, X-RateLimit-Limit, X-RateLimit-Remaining, X-RateLimit-Reset,
        X-OAuth-Scopes, X-Accepted-OAuth-Scopes, X-Poll-Interval
      Access-Control-Allow-Origin:
      - "*"
      Content-Security-Policy:
      - default-src 'none'
      Strict-Transport-Security:
      - max-age=31536000; includeSubdomains; preload
      X-Content-Type-Options:
      - nosniff
      X-Frame-Options:
      - deny
      X-Xss-Protection:
      - 1; mode=block
      X-Served-By:
      - 13d09b732ebe76f892093130dc088652
      X-Github-Request-Id:
      - 56A82ECA:FD13:2A529BB:57344AF7
    body:
      encoding: ASCII-8BIT
      string: '{"id":58627054,"name":"my-awesome-repo","full_name":"git-data-publisher/my-awesome-repo","owner":{"login":"git-data-publisher","id":9130479,"avatar_url":"https://avatars.githubusercontent.com/u/9130479?v=3","gravatar_id":"","url":"https://api.github.com/users/git-data-publisher","html_url":"https://github.com/git-data-publisher","followers_url":"https://api.github.com/users/git-data-publisher/followers","following_url":"https://api.github.com/users/git-data-publisher/following{/other_user}","gists_url":"https://api.github.com/users/git-data-publisher/gists{/gist_id}","starred_url":"https://api.github.com/users/git-data-publisher/starred{/owner}{/repo}","subscriptions_url":"https://api.github.com/users/git-data-publisher/subscriptions","organizations_url":"https://api.github.com/users/git-data-publisher/orgs","repos_url":"https://api.github.com/users/git-data-publisher/repos","events_url":"https://api.github.com/users/git-data-publisher/events{/privacy}","received_events_url":"https://api.github.com/users/git-data-publisher/received_events","type":"User","site_admin":false},"private":false,"html_url":"https://github.com/git-data-publisher/my-awesome-repo","description":null,"fork":false,"url":"https://api.github.com/repos/git-data-publisher/my-awesome-repo","forks_url":"https://api.github.com/repos/git-data-publisher/my-awesome-repo/forks","keys_url":"https://api.github.com/repos/git-data-publisher/my-awesome-repo/keys{/key_id}","collaborators_url":"https://api.github.com/repos/git-data-publisher/my-awesome-repo/collaborators{/collaborator}","teams_url":"https://api.github.com/repos/git-data-publisher/my-awesome-repo/teams","hooks_url":"https://api.github.com/repos/git-data-publisher/my-awesome-repo/hooks","issue_events_url":"https://api.github.com/repos/git-data-publisher/my-awesome-repo/issues/events{/number}","events_url":"https://api.github.com/repos/git-data-publisher/my-awesome-repo/events","assignees_url":"https://api.github.com/repos/git-data-publisher/my-awesome-repo/assignees{/user}","branches_url":"https://api.github.com/repos/git-data-publisher/my-awesome-repo/branches{/branch}","tags_url":"https://api.github.com/repos/git-data-publisher/my-awesome-repo/tags","blobs_url":"https://api.github.com/repos/git-data-publisher/my-awesome-repo/git/blobs{/sha}","git_tags_url":"https://api.github.com/repos/git-data-publisher/my-awesome-repo/git/tags{/sha}","git_refs_url":"https://api.github.com/repos/git-data-publisher/my-awesome-repo/git/refs{/sha}","trees_url":"https://api.github.com/repos/git-data-publisher/my-awesome-repo/git/trees{/sha}","statuses_url":"https://api.github.com/repos/git-data-publisher/my-awesome-repo/statuses/{sha}","languages_url":"https://api.github.com/repos/git-data-publisher/my-awesome-repo/languages","stargazers_url":"https://api.github.com/repos/git-data-publisher/my-awesome-repo/stargazers","contributors_url":"https://api.github.com/repos/git-data-publisher/my-awesome-repo/contributors","subscribers_url":"https://api.github.com/repos/git-data-publisher/my-awesome-repo/subscribers","subscription_url":"https://api.github.com/repos/git-data-publisher/my-awesome-repo/subscription","commits_url":"https://api.github.com/repos/git-data-publisher/my-awesome-repo/commits{/sha}","git_commits_url":"https://api.github.com/repos/git-data-publisher/my-awesome-repo/git/commits{/sha}","comments_url":"https://api.github.com/repos/git-data-publisher/my-awesome-repo/comments{/number}","issue_comment_url":"https://api.github.com/repos/git-data-publisher/my-awesome-repo/issues/comments{/number}","contents_url":"https://api.github.com/repos/git-data-publisher/my-awesome-repo/contents/{+path}","compare_url":"https://api.github.com/repos/git-data-publisher/my-awesome-repo/compare/{base}...{head}","merges_url":"https://api.github.com/repos/git-data-publisher/my-awesome-repo/merges","archive_url":"https://api.github.com/repos/git-data-publisher/my-awesome-repo/{archive_format}{/ref}","downloads_url":"https://api.github.com/repos/git-data-publisher/my-awesome-repo/downloads","issues_url":"https://api.github.com/repos/git-data-publisher/my-awesome-repo/issues{/number}","pulls_url":"https://api.github.com/repos/git-data-publisher/my-awesome-repo/pulls{/number}","milestones_url":"https://api.github.com/repos/git-data-publisher/my-awesome-repo/milestones{/number}","notifications_url":"https://api.github.com/repos/git-data-publisher/my-awesome-repo/notifications{?since,all,participating}","labels_url":"https://api.github.com/repos/git-data-publisher/my-awesome-repo/labels{/name}","releases_url":"https://api.github.com/repos/git-data-publisher/my-awesome-repo/releases{/id}","deployments_url":"https://api.github.com/repos/git-data-publisher/my-awesome-repo/deployments","created_at":"2016-05-12T09:20:53Z","updated_at":"2016-05-12T09:20:53Z","pushed_at":"2016-05-12T09:20:55Z","git_url":"git://github.com/git-data-publisher/my-awesome-repo.git","ssh_url":"git@github.com:git-data-publisher/my-awesome-repo.git","clone_url":"https://github.com/git-data-publisher/my-awesome-repo.git","svn_url":"https://github.com/git-data-publisher/my-awesome-repo","homepage":null,"size":0,"stargazers_count":0,"watchers_count":0,"language":null,"has_issues":true,"has_downloads":true,"has_wiki":true,"has_pages":true,"forks_count":0,"mirror_url":null,"open_issues_count":0,"forks":0,"open_issues":0,"watchers":0,"default_branch":"gh-pages","permissions":{"admin":true,"push":true,"pull":true},"network_count":0,"subscribers_count":0}'
    http_version: 
  recorded_at: Thu, 12 May 2016 09:21:37 GMT
- request:
    method: post
    uri: https://api.github.com/repos/git-data-publisher/my-awesome-repo/git/blobs
    body:
      encoding: UTF-8
      string: '{"content":"old content","encoding":"utf-8"}'
    headers:
      Accept:
      - application/vnd.github.v3+json
      User-Agent:
      - Octokit Ruby Gem 4.3.0
      Content-Type:
      - application/json
      Authorization:
      - token <GITHUB_TOKEN>
      Accept-Encoding:
      - gzip;q=1.0,deflate;q=0.6,identity;q=0.3
  response:
    status:
      code: 201
      message: Created
    headers:
      Server:
      - GitHub.com
      Date:
      - Thu, 12 May 2016 09:20:56 GMT
      Content-Type:
      - application/json; charset=utf-8
      Content-Length:
      - '173'
      Status:
      - 201 Created
      X-Ratelimit-Limit:
      - '5000'
      X-Ratelimit-Remaining:
      - '3279'
      X-Ratelimit-Reset:
      - '1463046077'
      Cache-Control:
      - private, max-age=60, s-maxage=60
      Vary:
      - Accept, Authorization, Cookie, X-GitHub-OTP
      - Accept-Encoding
      Etag:
      - '"85d81ec11f51b23741b30fcfc4c323bc"'
      X-Oauth-Scopes:
      - delete_repo, repo, user:email
      X-Accepted-Oauth-Scopes:
      - ''
      X-Oauth-Client-Id:
      - 5a928d2c36588bef4f4c
      Location:
      - https://api.github.com/repos/git-data-publisher/my-awesome-repo/git/blobs/3bb96bea4d7b0f18dea35ae463221f41ef495298
      X-Github-Media-Type:
      - github.v3; format=json
      Access-Control-Expose-Headers:
      - ETag, Link, X-GitHub-OTP, X-RateLimit-Limit, X-RateLimit-Remaining, X-RateLimit-Reset,
        X-OAuth-Scopes, X-Accepted-OAuth-Scopes, X-Poll-Interval
      Access-Control-Allow-Origin:
      - "*"
      Content-Security-Policy:
      - default-src 'none'
      Strict-Transport-Security:
      - max-age=31536000; includeSubdomains; preload
      X-Content-Type-Options:
      - nosniff
      X-Frame-Options:
      - deny
      X-Xss-Protection:
      - 1; mode=block
      X-Served-By:
      - cee4c0729c8e9147e7abcb45b9d69689
      X-Github-Request-Id:
      - 56A82ECA:FD18:B0BB265:57344AF8
    body:
      encoding: UTF-8
      string: '{"sha":"3bb96bea4d7b0f18dea35ae463221f41ef495298","url":"https://api.github.com/repos/git-data-publisher/my-awesome-repo/git/blobs/3bb96bea4d7b0f18dea35ae463221f41ef495298"}'
    http_version: 
  recorded_at: Thu, 12 May 2016 09:21:38 GMT
- request:
    method: post
    uri: https://api.github.com/repos/git-data-publisher/my-awesome-repo/git/blobs
    body:
      encoding: UTF-8
      string: '{"content":"old content","encoding":"utf-8"}'
    headers:
      Accept:
      - application/vnd.github.v3+json
      User-Agent:
      - Octokit Ruby Gem 4.3.0
      Content-Type:
      - application/json
      Authorization:
      - token <GITHUB_TOKEN>
      Accept-Encoding:
      - gzip;q=1.0,deflate;q=0.6,identity;q=0.3
  response:
    status:
      code: 201
      message: Created
    headers:
      Server:
      - GitHub.com
      Date:
      - Thu, 12 May 2016 09:20:56 GMT
      Content-Type:
      - application/json; charset=utf-8
      Content-Length:
      - '173'
      Status:
      - 201 Created
      X-Ratelimit-Limit:
      - '5000'
      X-Ratelimit-Remaining:
      - '3277'
      X-Ratelimit-Reset:
      - '1463046077'
      Cache-Control:
      - private, max-age=60, s-maxage=60
      Vary:
      - Accept, Authorization, Cookie, X-GitHub-OTP
      - Accept-Encoding
      Etag:
      - '"85d81ec11f51b23741b30fcfc4c323bc"'
      X-Oauth-Scopes:
      - delete_repo, repo, user:email
      X-Accepted-Oauth-Scopes:
      - ''
      X-Oauth-Client-Id:
      - 5a928d2c36588bef4f4c
      Location:
      - https://api.github.com/repos/git-data-publisher/my-awesome-repo/git/blobs/3bb96bea4d7b0f18dea35ae463221f41ef495298
      X-Github-Media-Type:
      - github.v3; format=json
      Access-Control-Expose-Headers:
      - ETag, Link, X-GitHub-OTP, X-RateLimit-Limit, X-RateLimit-Remaining, X-RateLimit-Reset,
        X-OAuth-Scopes, X-Accepted-OAuth-Scopes, X-Poll-Interval
      Access-Control-Allow-Origin:
      - "*"
      Content-Security-Policy:
      - default-src 'none'
      Strict-Transport-Security:
      - max-age=31536000; includeSubdomains; preload
      X-Content-Type-Options:
      - nosniff
      X-Frame-Options:
      - deny
      X-Xss-Protection:
      - 1; mode=block
      X-Served-By:
      - 139317cebd6caf9cd03889139437f00b
      X-Github-Request-Id:
      - 56A82ECA:FD16:65186B4:57344AF8
    body:
      encoding: UTF-8
      string: '{"sha":"3bb96bea4d7b0f18dea35ae463221f41ef495298","url":"https://api.github.com/repos/git-data-publisher/my-awesome-repo/git/blobs/3bb96bea4d7b0f18dea35ae463221f41ef495298"}'
    http_version: 
  recorded_at: Thu, 12 May 2016 09:21:38 GMT
- request:
    method: get
    uri: https://api.github.com/repos/git-data-publisher/my-awesome-repo/branches/gh-pages
    body:
      encoding: US-ASCII
      string: ''
    headers:
      Accept:
      - application/vnd.github.v3+json
      User-Agent:
      - Octokit Ruby Gem 4.3.0
      Content-Type:
      - application/json
      Authorization:
      - token <GITHUB_TOKEN>
      Accept-Encoding:
      - gzip;q=1.0,deflate;q=0.6,identity;q=0.3
  response:
    status:
      code: 200
      message: OK
    headers:
      Server:
      - GitHub.com
      Date:
      - Thu, 12 May 2016 09:20:57 GMT
      Content-Type:
      - application/json; charset=utf-8
      Transfer-Encoding:
      - chunked
      Status:
      - 200 OK
      X-Ratelimit-Limit:
      - '5000'
      X-Ratelimit-Remaining:
      - '3276'
      X-Ratelimit-Reset:
      - '1463046077'
      Cache-Control:
      - private, max-age=60, s-maxage=60
      Vary:
      - Accept, Authorization, Cookie, X-GitHub-OTP
      - Accept-Encoding
      Etag:
      - W/"5c6c00548af3401cfd98708a375c7337"
      X-Oauth-Scopes:
      - delete_repo, repo, user:email
      X-Accepted-Oauth-Scopes:
      - ''
      X-Oauth-Client-Id:
      - 5a928d2c36588bef4f4c
      X-Github-Media-Type:
      - github.v3; format=json
      Access-Control-Expose-Headers:
      - ETag, Link, X-GitHub-OTP, X-RateLimit-Limit, X-RateLimit-Remaining, X-RateLimit-Reset,
        X-OAuth-Scopes, X-Accepted-OAuth-Scopes, X-Poll-Interval
      Access-Control-Allow-Origin:
      - "*"
      Content-Security-Policy:
      - default-src 'none'
      Strict-Transport-Security:
      - max-age=31536000; includeSubdomains; preload
      X-Content-Type-Options:
      - nosniff
      X-Frame-Options:
      - deny
      X-Xss-Protection:
      - 1; mode=block
      X-Served-By:
      - 474556b853193c38f1b14328ce2d1b7d
      X-Github-Request-Id:
      - 56A82ECA:FD19:CF86372:57344AF8
    body:
      encoding: ASCII-8BIT
      string: '{"name":"gh-pages","commit":{"sha":"df3f584978740c2acadc7cff60c45a9dbb43981e","commit":{"author":{"name":"git-data-publisher","email":"pezholio+git-data-publisher@gmail.com","date":"2016-05-12T09:20:54Z"},"committer":{"name":"git-data-publisher","email":"pezholio+git-data-publisher@gmail.com","date":"2016-05-12T09:20:54Z"},"message":"Initial
        commit","tree":{"sha":"c028dbbdc73e274b5ef646cc63bf5c0bd0ca18ff","url":"https://api.github.com/repos/git-data-publisher/my-awesome-repo/git/trees/c028dbbdc73e274b5ef646cc63bf5c0bd0ca18ff"},"url":"https://api.github.com/repos/git-data-publisher/my-awesome-repo/git/commits/df3f584978740c2acadc7cff60c45a9dbb43981e","comment_count":0},"url":"https://api.github.com/repos/git-data-publisher/my-awesome-repo/commits/df3f584978740c2acadc7cff60c45a9dbb43981e","html_url":"https://github.com/git-data-publisher/my-awesome-repo/commit/df3f584978740c2acadc7cff60c45a9dbb43981e","comments_url":"https://api.github.com/repos/git-data-publisher/my-awesome-repo/commits/df3f584978740c2acadc7cff60c45a9dbb43981e/comments","author":{"login":"git-data-publisher","id":9130479,"avatar_url":"https://avatars.githubusercontent.com/u/9130479?v=3","gravatar_id":"","url":"https://api.github.com/users/git-data-publisher","html_url":"https://github.com/git-data-publisher","followers_url":"https://api.github.com/users/git-data-publisher/followers","following_url":"https://api.github.com/users/git-data-publisher/following{/other_user}","gists_url":"https://api.github.com/users/git-data-publisher/gists{/gist_id}","starred_url":"https://api.github.com/users/git-data-publisher/starred{/owner}{/repo}","subscriptions_url":"https://api.github.com/users/git-data-publisher/subscriptions","organizations_url":"https://api.github.com/users/git-data-publisher/orgs","repos_url":"https://api.github.com/users/git-data-publisher/repos","events_url":"https://api.github.com/users/git-data-publisher/events{/privacy}","received_events_url":"https://api.github.com/users/git-data-publisher/received_events","type":"User","site_admin":false},"committer":{"login":"git-data-publisher","id":9130479,"avatar_url":"https://avatars.githubusercontent.com/u/9130479?v=3","gravatar_id":"","url":"https://api.github.com/users/git-data-publisher","html_url":"https://github.com/git-data-publisher","followers_url":"https://api.github.com/users/git-data-publisher/followers","following_url":"https://api.github.com/users/git-data-publisher/following{/other_user}","gists_url":"https://api.github.com/users/git-data-publisher/gists{/gist_id}","starred_url":"https://api.github.com/users/git-data-publisher/starred{/owner}{/repo}","subscriptions_url":"https://api.github.com/users/git-data-publisher/subscriptions","organizations_url":"https://api.github.com/users/git-data-publisher/orgs","repos_url":"https://api.github.com/users/git-data-publisher/repos","events_url":"https://api.github.com/users/git-data-publisher/events{/privacy}","received_events_url":"https://api.github.com/users/git-data-publisher/received_events","type":"User","site_admin":false},"parents":[]},"_links":{"self":"https://api.github.com/repos/git-data-publisher/my-awesome-repo/branches/gh-pages","html":"https://github.com/git-data-publisher/my-awesome-repo/tree/gh-pages"}}'
    http_version: 
  recorded_at: Thu, 12 May 2016 09:21:38 GMT
- request:
    method: get
    uri: https://api.github.com/repos/git-data-publisher/my-awesome-repo/git/refs
    body:
      encoding: US-ASCII
      string: ''
    headers:
      Accept:
      - application/vnd.github.v3+json
      User-Agent:
      - Octokit Ruby Gem 4.3.0
      Content-Type:
      - application/json
      Authorization:
      - token <GITHUB_TOKEN>
      Accept-Encoding:
      - gzip;q=1.0,deflate;q=0.6,identity;q=0.3
  response:
    status:
      code: 200
      message: OK
    headers:
      Server:
      - GitHub.com
      Date:
      - Thu, 12 May 2016 09:20:57 GMT
      Content-Type:
      - application/json; charset=utf-8
      Transfer-Encoding:
      - chunked
      Status:
      - 200 OK
      X-Ratelimit-Limit:
      - '5000'
      X-Ratelimit-Remaining:
      - '3275'
      X-Ratelimit-Reset:
      - '1463046077'
      Cache-Control:
      - private, max-age=60, s-maxage=60
      Vary:
      - Accept, Authorization, Cookie, X-GitHub-OTP
      - Accept-Encoding
      Etag:
      - W/"7c9b7cc4364469c1df13d5650dd4d563"
      Last-Modified:
      - Thu, 12 May 2016 09:20:53 GMT
      X-Poll-Interval:
      - '300'
      X-Oauth-Scopes:
      - delete_repo, repo, user:email
      X-Accepted-Oauth-Scopes:
      - ''
      X-Oauth-Client-Id:
      - 5a928d2c36588bef4f4c
      X-Github-Media-Type:
      - github.v3; format=json
      Access-Control-Expose-Headers:
      - ETag, Link, X-GitHub-OTP, X-RateLimit-Limit, X-RateLimit-Remaining, X-RateLimit-Reset,
        X-OAuth-Scopes, X-Accepted-OAuth-Scopes, X-Poll-Interval
      Access-Control-Allow-Origin:
      - "*"
      Content-Security-Policy:
      - default-src 'none'
      Strict-Transport-Security:
      - max-age=31536000; includeSubdomains; preload
      X-Content-Type-Options:
      - nosniff
      X-Frame-Options:
      - deny
      X-Xss-Protection:
      - 1; mode=block
      X-Served-By:
      - bae57931a6fe678a3dffe9be8e7819c8
      X-Github-Request-Id:
      - 56A82ECA:FD19:CF86433:57344AF9
    body:
      encoding: ASCII-8BIT
      string: '[{"ref":"refs/heads/gh-pages","url":"https://api.github.com/repos/git-data-publisher/my-awesome-repo/git/refs/heads/gh-pages","object":{"sha":"df3f584978740c2acadc7cff60c45a9dbb43981e","type":"commit","url":"https://api.github.com/repos/git-data-publisher/my-awesome-repo/git/commits/df3f584978740c2acadc7cff60c45a9dbb43981e"}},{"ref":"refs/heads/master","url":"https://api.github.com/repos/git-data-publisher/my-awesome-repo/git/refs/heads/master","object":{"sha":"df3f584978740c2acadc7cff60c45a9dbb43981e","type":"commit","url":"https://api.github.com/repos/git-data-publisher/my-awesome-repo/git/commits/df3f584978740c2acadc7cff60c45a9dbb43981e"}}]'
    http_version: 
  recorded_at: Thu, 12 May 2016 09:21:39 GMT
- request:
    method: post
    uri: https://api.github.com/repos/git-data-publisher/my-awesome-repo/git/trees
    body:
      encoding: UTF-8
      string: '{"base_tree":"df3f584978740c2acadc7cff60c45a9dbb43981e","tree":[{"path":"my-awesome-file.csv","mode":"100644","type":"blob","sha":"3bb96bea4d7b0f18dea35ae463221f41ef495298"},{"path":"my-other-awesome-file.csv","mode":"100644","type":"blob","sha":"3bb96bea4d7b0f18dea35ae463221f41ef495298"}]}'
    headers:
      Accept:
      - application/vnd.github.v3+json
      User-Agent:
      - Octokit Ruby Gem 4.3.0
      Content-Type:
      - application/json
      Authorization:
      - token <GITHUB_TOKEN>
      Accept-Encoding:
      - gzip;q=1.0,deflate;q=0.6,identity;q=0.3
  response:
    status:
      code: 201
      message: Created
    headers:
      Server:
      - GitHub.com
      Date:
      - Thu, 12 May 2016 09:20:58 GMT
      Content-Type:
      - application/json; charset=utf-8
      Content-Length:
      - '925'
      Status:
      - 201 Created
      X-Ratelimit-Limit:
      - '5000'
      X-Ratelimit-Remaining:
      - '3271'
      X-Ratelimit-Reset:
      - '1463046077'
      Cache-Control:
      - private, max-age=60, s-maxage=60
      Vary:
      - Accept, Authorization, Cookie, X-GitHub-OTP
      - Accept-Encoding
      Etag:
      - '"49713a2ee9b18434ccb4e4e9820d8e0b"'
      X-Oauth-Scopes:
      - delete_repo, repo, user:email
      X-Accepted-Oauth-Scopes:
      - ''
      X-Oauth-Client-Id:
      - 5a928d2c36588bef4f4c
      Location:
      - https://api.github.com/repos/git-data-publisher/my-awesome-repo/git/trees/b673f6836bea454776a8261ab456651b50143308
      X-Github-Media-Type:
      - github.v3; format=json
      Access-Control-Expose-Headers:
      - ETag, Link, X-GitHub-OTP, X-RateLimit-Limit, X-RateLimit-Remaining, X-RateLimit-Reset,
        X-OAuth-Scopes, X-Accepted-OAuth-Scopes, X-Poll-Interval
      Access-Control-Allow-Origin:
      - "*"
      Content-Security-Policy:
      - default-src 'none'
      Strict-Transport-Security:
      - max-age=31536000; includeSubdomains; preload
      X-Content-Type-Options:
      - nosniff
      X-Frame-Options:
      - deny
      X-Xss-Protection:
      - 1; mode=block
      X-Served-By:
      - 7b641bda7ec2ca7cd9df72d2578baf75
      X-Github-Request-Id:
      - 56A82ECA:FD1A:BCE6A5C:57344AF9
    body:
      encoding: UTF-8
      string: '{"sha":"b673f6836bea454776a8261ab456651b50143308","url":"https://api.github.com/repos/git-data-publisher/my-awesome-repo/git/trees/b673f6836bea454776a8261ab456651b50143308","tree":[{"path":"README.md","mode":"100644","type":"blob","sha":"98b86d075133bc45f0a96ce008175bb5a4f6567a","size":17,"url":"https://api.github.com/repos/git-data-publisher/my-awesome-repo/git/blobs/98b86d075133bc45f0a96ce008175bb5a4f6567a"},{"path":"my-awesome-file.csv","mode":"100644","type":"blob","sha":"3bb96bea4d7b0f18dea35ae463221f41ef495298","size":11,"url":"https://api.github.com/repos/git-data-publisher/my-awesome-repo/git/blobs/3bb96bea4d7b0f18dea35ae463221f41ef495298"},{"path":"my-other-awesome-file.csv","mode":"100644","type":"blob","sha":"3bb96bea4d7b0f18dea35ae463221f41ef495298","size":11,"url":"https://api.github.com/repos/git-data-publisher/my-awesome-repo/git/blobs/3bb96bea4d7b0f18dea35ae463221f41ef495298"}],"truncated":false}'
    http_version: 
  recorded_at: Thu, 12 May 2016 09:21:39 GMT
- request:
    method: post
    uri: https://api.github.com/repos/git-data-publisher/my-awesome-repo/git/commits
    body:
      encoding: UTF-8
      string: '{"message":"Update 2016-05-12T10:21:38+01:00 [ci skip]","tree":"b673f6836bea454776a8261ab456651b50143308","parents":["df3f584978740c2acadc7cff60c45a9dbb43981e"]}'
    headers:
      Accept:
      - application/vnd.github.v3+json
      User-Agent:
      - Octokit Ruby Gem 4.3.0
      Content-Type:
      - application/json
      Authorization:
      - token <GITHUB_TOKEN>
      Accept-Encoding:
      - gzip;q=1.0,deflate;q=0.6,identity;q=0.3
  response:
    status:
      code: 201
      message: Created
    headers:
      Server:
      - GitHub.com
      Date:
      - Thu, 12 May 2016 09:20:58 GMT
      Content-Type:
      - application/json; charset=utf-8
      Content-Length:
      - '1066'
      Status:
      - 201 Created
      X-Ratelimit-Limit:
      - '5000'
      X-Ratelimit-Remaining:
      - '3270'
      X-Ratelimit-Reset:
      - '1463046077'
      Cache-Control:
      - private, max-age=60, s-maxage=60
      Vary:
      - Accept, Authorization, Cookie, X-GitHub-OTP
      - Accept-Encoding
      Etag:
      - '"2f0e87df54a3f68523fce5a83f42e681"'
      X-Oauth-Scopes:
      - delete_repo, repo, user:email
      X-Accepted-Oauth-Scopes:
      - ''
      X-Oauth-Client-Id:
      - 5a928d2c36588bef4f4c
      Location:
      - https://api.github.com/repos/git-data-publisher/my-awesome-repo/git/commits/be35b889b1c4e329ef7c6d235e433921b6c40b74
      X-Github-Media-Type:
      - github.v3; format=json
      Access-Control-Expose-Headers:
      - ETag, Link, X-GitHub-OTP, X-RateLimit-Limit, X-RateLimit-Remaining, X-RateLimit-Reset,
        X-OAuth-Scopes, X-Accepted-OAuth-Scopes, X-Poll-Interval
      Access-Control-Allow-Origin:
      - "*"
      Content-Security-Policy:
      - default-src 'none'
      Strict-Transport-Security:
      - max-age=31536000; includeSubdomains; preload
      X-Content-Type-Options:
      - nosniff
      X-Frame-Options:
      - deny
      X-Xss-Protection:
      - 1; mode=block
      X-Served-By:
      - 2c18a09f3ac5e4dd1e004af7c5a94769
      X-Github-Request-Id:
      - 56A82ECA:FD13:2A52AC3:57344AFA
    body:
      encoding: UTF-8
      string: '{"sha":"be35b889b1c4e329ef7c6d235e433921b6c40b74","url":"https://api.github.com/repos/git-data-publisher/my-awesome-repo/git/commits/be35b889b1c4e329ef7c6d235e433921b6c40b74","html_url":"https://github.com/git-data-publisher/my-awesome-repo/commit/be35b889b1c4e329ef7c6d235e433921b6c40b74","author":{"name":"git-data-publisher","email":"pezholio+git-data-publisher@gmail.com","date":"2016-05-12T09:20:58Z"},"committer":{"name":"git-data-publisher","email":"pezholio+git-data-publisher@gmail.com","date":"2016-05-12T09:20:58Z"},"tree":{"sha":"b673f6836bea454776a8261ab456651b50143308","url":"https://api.github.com/repos/git-data-publisher/my-awesome-repo/git/trees/b673f6836bea454776a8261ab456651b50143308"},"message":"Update
        2016-05-12T10:21:38+01:00 [ci skip]","parents":[{"sha":"df3f584978740c2acadc7cff60c45a9dbb43981e","url":"https://api.github.com/repos/git-data-publisher/my-awesome-repo/git/commits/df3f584978740c2acadc7cff60c45a9dbb43981e","html_url":"https://github.com/git-data-publisher/my-awesome-repo/commit/df3f584978740c2acadc7cff60c45a9dbb43981e"}]}'
    http_version: 
  recorded_at: Thu, 12 May 2016 09:21:40 GMT
- request:
    method: patch
    uri: https://api.github.com/repos/git-data-publisher/my-awesome-repo/git/refs/heads/gh-pages
    body:
      encoding: UTF-8
      string: '{"sha":"be35b889b1c4e329ef7c6d235e433921b6c40b74","force":true}'
    headers:
      Accept:
      - application/vnd.github.v3+json
      User-Agent:
      - Octokit Ruby Gem 4.3.0
      Content-Type:
      - application/json
      Authorization:
      - token <GITHUB_TOKEN>
      Accept-Encoding:
      - gzip;q=1.0,deflate;q=0.6,identity;q=0.3
  response:
    status:
      code: 200
      message: OK
    headers:
      Server:
      - GitHub.com
      Date:
      - Thu, 12 May 2016 09:20:59 GMT
      Content-Type:
      - application/json; charset=utf-8
      Transfer-Encoding:
      - chunked
      Status:
      - 200 OK
      X-Ratelimit-Limit:
      - '5000'
      X-Ratelimit-Remaining:
      - '3269'
      X-Ratelimit-Reset:
      - '1463046077'
      Cache-Control:
      - private, max-age=60, s-maxage=60
      Vary:
      - Accept, Authorization, Cookie, X-GitHub-OTP
      - Accept-Encoding
      Etag:
      - W/"8c173780d7fd46fecdaac915a6fcb866"
      X-Oauth-Scopes:
      - delete_repo, repo, user:email
      X-Accepted-Oauth-Scopes:
      - ''
      X-Oauth-Client-Id:
      - 5a928d2c36588bef4f4c
      X-Github-Media-Type:
      - github.v3; format=json
      Access-Control-Expose-Headers:
      - ETag, Link, X-GitHub-OTP, X-RateLimit-Limit, X-RateLimit-Remaining, X-RateLimit-Reset,
        X-OAuth-Scopes, X-Accepted-OAuth-Scopes, X-Poll-Interval
      Access-Control-Allow-Origin:
      - "*"
      Content-Security-Policy:
      - default-src 'none'
      Strict-Transport-Security:
      - max-age=31536000; includeSubdomains; preload
      X-Content-Type-Options:
      - nosniff
      X-Frame-Options:
      - deny
      X-Xss-Protection:
      - 1; mode=block
      X-Served-By:
      - a474937f3b2fa272558fa6dc951018ad
      X-Github-Request-Id:
      - 56A82ECA:FD1A:BCE6C06:57344AFB
    body:
      encoding: ASCII-8BIT
      string: '{"ref":"refs/heads/gh-pages","url":"https://api.github.com/repos/git-data-publisher/my-awesome-repo/git/refs/heads/gh-pages","object":{"sha":"be35b889b1c4e329ef7c6d235e433921b6c40b74","type":"commit","url":"https://api.github.com/repos/git-data-publisher/my-awesome-repo/git/commits/be35b889b1c4e329ef7c6d235e433921b6c40b74"}}'
    http_version: 
  recorded_at: Thu, 12 May 2016 09:21:41 GMT
- request:
    method: get
    uri: https://api.github.com/repos/git-data-publisher/my-awesome-repo
    body:
      encoding: US-ASCII
      string: ''
    headers:
      Accept:
      - application/vnd.github.v3+json
      User-Agent:
      - Octokit Ruby Gem 4.3.0
      Content-Type:
      - application/json
      Authorization:
      - token <GITHUB_TOKEN>
      Accept-Encoding:
      - gzip;q=1.0,deflate;q=0.6,identity;q=0.3
  response:
    status:
      code: 200
      message: OK
    headers:
      Server:
      - GitHub.com
      Date:
      - Thu, 12 May 2016 09:20:59 GMT
      Content-Type:
      - application/json; charset=utf-8
      Transfer-Encoding:
      - chunked
      Status:
      - 200 OK
      X-Ratelimit-Limit:
      - '5000'
      X-Ratelimit-Remaining:
      - '3268'
      X-Ratelimit-Reset:
      - '1463046077'
      Cache-Control:
      - private, max-age=60, s-maxage=60
      Vary:
      - Accept, Authorization, Cookie, X-GitHub-OTP
      - Accept-Encoding
      Etag:
      - W/"074ee54a1589e8ce8c5700c002d6e0f0"
      Last-Modified:
      - Thu, 12 May 2016 09:20:53 GMT
      X-Oauth-Scopes:
      - delete_repo, repo, user:email
      X-Accepted-Oauth-Scopes:
      - repo
      X-Oauth-Client-Id:
      - 5a928d2c36588bef4f4c
      X-Github-Media-Type:
      - github.v3; format=json
      Access-Control-Expose-Headers:
      - ETag, Link, X-GitHub-OTP, X-RateLimit-Limit, X-RateLimit-Remaining, X-RateLimit-Reset,
        X-OAuth-Scopes, X-Accepted-OAuth-Scopes, X-Poll-Interval
      Access-Control-Allow-Origin:
      - "*"
      Content-Security-Policy:
      - default-src 'none'
      Strict-Transport-Security:
      - max-age=31536000; includeSubdomains; preload
      X-Content-Type-Options:
      - nosniff
      X-Frame-Options:
      - deny
      X-Xss-Protection:
      - 1; mode=block
      X-Served-By:
      - 52437fedc85beec8da3449496900fb9a
      X-Github-Request-Id:
      - 56A82ECA:FD16:65189B3:57344AFB
    body:
      encoding: ASCII-8BIT
      string: '{"id":58627054,"name":"my-awesome-repo","full_name":"git-data-publisher/my-awesome-repo","owner":{"login":"git-data-publisher","id":9130479,"avatar_url":"https://avatars.githubusercontent.com/u/9130479?v=3","gravatar_id":"","url":"https://api.github.com/users/git-data-publisher","html_url":"https://github.com/git-data-publisher","followers_url":"https://api.github.com/users/git-data-publisher/followers","following_url":"https://api.github.com/users/git-data-publisher/following{/other_user}","gists_url":"https://api.github.com/users/git-data-publisher/gists{/gist_id}","starred_url":"https://api.github.com/users/git-data-publisher/starred{/owner}{/repo}","subscriptions_url":"https://api.github.com/users/git-data-publisher/subscriptions","organizations_url":"https://api.github.com/users/git-data-publisher/orgs","repos_url":"https://api.github.com/users/git-data-publisher/repos","events_url":"https://api.github.com/users/git-data-publisher/events{/privacy}","received_events_url":"https://api.github.com/users/git-data-publisher/received_events","type":"User","site_admin":false},"private":false,"html_url":"https://github.com/git-data-publisher/my-awesome-repo","description":null,"fork":false,"url":"https://api.github.com/repos/git-data-publisher/my-awesome-repo","forks_url":"https://api.github.com/repos/git-data-publisher/my-awesome-repo/forks","keys_url":"https://api.github.com/repos/git-data-publisher/my-awesome-repo/keys{/key_id}","collaborators_url":"https://api.github.com/repos/git-data-publisher/my-awesome-repo/collaborators{/collaborator}","teams_url":"https://api.github.com/repos/git-data-publisher/my-awesome-repo/teams","hooks_url":"https://api.github.com/repos/git-data-publisher/my-awesome-repo/hooks","issue_events_url":"https://api.github.com/repos/git-data-publisher/my-awesome-repo/issues/events{/number}","events_url":"https://api.github.com/repos/git-data-publisher/my-awesome-repo/events","assignees_url":"https://api.github.com/repos/git-data-publisher/my-awesome-repo/assignees{/user}","branches_url":"https://api.github.com/repos/git-data-publisher/my-awesome-repo/branches{/branch}","tags_url":"https://api.github.com/repos/git-data-publisher/my-awesome-repo/tags","blobs_url":"https://api.github.com/repos/git-data-publisher/my-awesome-repo/git/blobs{/sha}","git_tags_url":"https://api.github.com/repos/git-data-publisher/my-awesome-repo/git/tags{/sha}","git_refs_url":"https://api.github.com/repos/git-data-publisher/my-awesome-repo/git/refs{/sha}","trees_url":"https://api.github.com/repos/git-data-publisher/my-awesome-repo/git/trees{/sha}","statuses_url":"https://api.github.com/repos/git-data-publisher/my-awesome-repo/statuses/{sha}","languages_url":"https://api.github.com/repos/git-data-publisher/my-awesome-repo/languages","stargazers_url":"https://api.github.com/repos/git-data-publisher/my-awesome-repo/stargazers","contributors_url":"https://api.github.com/repos/git-data-publisher/my-awesome-repo/contributors","subscribers_url":"https://api.github.com/repos/git-data-publisher/my-awesome-repo/subscribers","subscription_url":"https://api.github.com/repos/git-data-publisher/my-awesome-repo/subscription","commits_url":"https://api.github.com/repos/git-data-publisher/my-awesome-repo/commits{/sha}","git_commits_url":"https://api.github.com/repos/git-data-publisher/my-awesome-repo/git/commits{/sha}","comments_url":"https://api.github.com/repos/git-data-publisher/my-awesome-repo/comments{/number}","issue_comment_url":"https://api.github.com/repos/git-data-publisher/my-awesome-repo/issues/comments{/number}","contents_url":"https://api.github.com/repos/git-data-publisher/my-awesome-repo/contents/{+path}","compare_url":"https://api.github.com/repos/git-data-publisher/my-awesome-repo/compare/{base}...{head}","merges_url":"https://api.github.com/repos/git-data-publisher/my-awesome-repo/merges","archive_url":"https://api.github.com/repos/git-data-publisher/my-awesome-repo/{archive_format}{/ref}","downloads_url":"https://api.github.com/repos/git-data-publisher/my-awesome-repo/downloads","issues_url":"https://api.github.com/repos/git-data-publisher/my-awesome-repo/issues{/number}","pulls_url":"https://api.github.com/repos/git-data-publisher/my-awesome-repo/pulls{/number}","milestones_url":"https://api.github.com/repos/git-data-publisher/my-awesome-repo/milestones{/number}","notifications_url":"https://api.github.com/repos/git-data-publisher/my-awesome-repo/notifications{?since,all,participating}","labels_url":"https://api.github.com/repos/git-data-publisher/my-awesome-repo/labels{/name}","releases_url":"https://api.github.com/repos/git-data-publisher/my-awesome-repo/releases{/id}","deployments_url":"https://api.github.com/repos/git-data-publisher/my-awesome-repo/deployments","created_at":"2016-05-12T09:20:53Z","updated_at":"2016-05-12T09:20:53Z","pushed_at":"2016-05-12T09:20:59Z","git_url":"git://github.com/git-data-publisher/my-awesome-repo.git","ssh_url":"git@github.com:git-data-publisher/my-awesome-repo.git","clone_url":"https://github.com/git-data-publisher/my-awesome-repo.git","svn_url":"https://github.com/git-data-publisher/my-awesome-repo","homepage":null,"size":0,"stargazers_count":0,"watchers_count":0,"language":null,"has_issues":true,"has_downloads":true,"has_wiki":true,"has_pages":true,"forks_count":0,"mirror_url":null,"open_issues_count":0,"forks":0,"open_issues":0,"watchers":0,"default_branch":"gh-pages","permissions":{"admin":true,"push":true,"pull":true},"network_count":0,"subscribers_count":0}'
    http_version: 
  recorded_at: Thu, 12 May 2016 09:21:41 GMT
- request:
    method: get
    uri: https://api.github.com/repos/git-data-publisher/my-awesome-repo/git/refs
    body:
      encoding: US-ASCII
      string: ''
    headers:
      Accept:
      - application/vnd.github.v3+json
      User-Agent:
      - Octokit Ruby Gem 4.3.0
      Content-Type:
      - application/json
      Authorization:
      - token <GITHUB_TOKEN>
      Accept-Encoding:
      - gzip;q=1.0,deflate;q=0.6,identity;q=0.3
  response:
    status:
      code: 200
      message: OK
    headers:
      Server:
      - GitHub.com
      Date:
      - Thu, 12 May 2016 09:21:00 GMT
      Content-Type:
      - application/json; charset=utf-8
      Transfer-Encoding:
      - chunked
      Status:
      - 200 OK
      X-Ratelimit-Limit:
      - '5000'
      X-Ratelimit-Remaining:
      - '3267'
      X-Ratelimit-Reset:
      - '1463046077'
      Cache-Control:
      - private, max-age=60, s-maxage=60
      Vary:
      - Accept, Authorization, Cookie, X-GitHub-OTP
      - Accept-Encoding
      Etag:
      - W/"162eabef9b8a6cedbf95dd7b62907549"
      Last-Modified:
      - Thu, 12 May 2016 09:20:53 GMT
      X-Poll-Interval:
      - '300'
      X-Oauth-Scopes:
      - delete_repo, repo, user:email
      X-Accepted-Oauth-Scopes:
      - ''
      X-Oauth-Client-Id:
      - 5a928d2c36588bef4f4c
      X-Github-Media-Type:
      - github.v3; format=json
      Access-Control-Expose-Headers:
      - ETag, Link, X-GitHub-OTP, X-RateLimit-Limit, X-RateLimit-Remaining, X-RateLimit-Reset,
        X-OAuth-Scopes, X-Accepted-OAuth-Scopes, X-Poll-Interval
      Access-Control-Allow-Origin:
      - "*"
      Content-Security-Policy:
      - default-src 'none'
      Strict-Transport-Security:
      - max-age=31536000; includeSubdomains; preload
      X-Content-Type-Options:
      - nosniff
      X-Frame-Options:
      - deny
      X-Xss-Protection:
      - 1; mode=block
      X-Served-By:
      - 76d9828c7e4f1d910f7ba069e90ce976
      X-Github-Request-Id:
      - 56A82ECA:FD19:CF86874:57344AFB
    body:
      encoding: ASCII-8BIT
      string: '[{"ref":"refs/heads/gh-pages","url":"https://api.github.com/repos/git-data-publisher/my-awesome-repo/git/refs/heads/gh-pages","object":{"sha":"be35b889b1c4e329ef7c6d235e433921b6c40b74","type":"commit","url":"https://api.github.com/repos/git-data-publisher/my-awesome-repo/git/commits/be35b889b1c4e329ef7c6d235e433921b6c40b74"}},{"ref":"refs/heads/master","url":"https://api.github.com/repos/git-data-publisher/my-awesome-repo/git/refs/heads/master","object":{"sha":"df3f584978740c2acadc7cff60c45a9dbb43981e","type":"commit","url":"https://api.github.com/repos/git-data-publisher/my-awesome-repo/git/commits/df3f584978740c2acadc7cff60c45a9dbb43981e"}}]'
    http_version: 
  recorded_at: Thu, 12 May 2016 09:21:41 GMT
- request:
    method: get
    uri: https://api.github.com/repos/git-data-publisher/my-awesome-repo/git/trees/be35b889b1c4e329ef7c6d235e433921b6c40b74?recursive=true
    body:
      encoding: US-ASCII
      string: ''
    headers:
      Accept:
      - application/vnd.github.v3+json
      User-Agent:
      - Octokit Ruby Gem 4.3.0
      Content-Type:
      - application/json
      Authorization:
      - token <GITHUB_TOKEN>
      Accept-Encoding:
      - gzip;q=1.0,deflate;q=0.6,identity;q=0.3
  response:
    status:
      code: 200
      message: OK
    headers:
      Server:
      - GitHub.com
      Date:
      - Thu, 12 May 2016 09:21:00 GMT
      Content-Type:
      - application/json; charset=utf-8
      Transfer-Encoding:
      - chunked
      Status:
      - 200 OK
      X-Ratelimit-Limit:
      - '5000'
      X-Ratelimit-Remaining:
      - '3265'
      X-Ratelimit-Reset:
      - '1463046077'
      Cache-Control:
      - private, max-age=60, s-maxage=60
      Vary:
      - Accept, Authorization, Cookie, X-GitHub-OTP
      - Accept-Encoding
      Etag:
      - W/"8252597fa8c4665fde396bbd0923ce61"
      Last-Modified:
      - Thu, 12 May 2016 09:20:53 GMT
      X-Oauth-Scopes:
      - delete_repo, repo, user:email
      X-Accepted-Oauth-Scopes:
      - ''
      X-Oauth-Client-Id:
      - 5a928d2c36588bef4f4c
      X-Github-Media-Type:
      - github.v3; format=json
      Access-Control-Expose-Headers:
      - ETag, Link, X-GitHub-OTP, X-RateLimit-Limit, X-RateLimit-Remaining, X-RateLimit-Reset,
        X-OAuth-Scopes, X-Accepted-OAuth-Scopes, X-Poll-Interval
      Access-Control-Allow-Origin:
      - "*"
      Content-Security-Policy:
      - default-src 'none'
      Strict-Transport-Security:
      - max-age=31536000; includeSubdomains; preload
      X-Content-Type-Options:
      - nosniff
      X-Frame-Options:
      - deny
      X-Xss-Protection:
      - 1; mode=block
      X-Served-By:
      - a6882e5cd2513376cb9481dbcd83f3a2
      X-Github-Request-Id:
      - 56A82ECA:FD1A:BCE6DC4:57344AFC
    body:
      encoding: ASCII-8BIT
      string: '{"sha":"be35b889b1c4e329ef7c6d235e433921b6c40b74","url":"https://api.github.com/repos/git-data-publisher/my-awesome-repo/git/trees/be35b889b1c4e329ef7c6d235e433921b6c40b74","tree":[{"path":"README.md","mode":"100644","type":"blob","sha":"98b86d075133bc45f0a96ce008175bb5a4f6567a","size":17,"url":"https://api.github.com/repos/git-data-publisher/my-awesome-repo/git/blobs/98b86d075133bc45f0a96ce008175bb5a4f6567a"},{"path":"my-awesome-file.csv","mode":"100644","type":"blob","sha":"3bb96bea4d7b0f18dea35ae463221f41ef495298","size":11,"url":"https://api.github.com/repos/git-data-publisher/my-awesome-repo/git/blobs/3bb96bea4d7b0f18dea35ae463221f41ef495298"},{"path":"my-other-awesome-file.csv","mode":"100644","type":"blob","sha":"3bb96bea4d7b0f18dea35ae463221f41ef495298","size":11,"url":"https://api.github.com/repos/git-data-publisher/my-awesome-repo/git/blobs/3bb96bea4d7b0f18dea35ae463221f41ef495298"}],"truncated":false}'
    http_version: 
  recorded_at: Thu, 12 May 2016 09:21:42 GMT
- request:
    method: delete
    uri: https://api.github.com/repos/git-data-publisher/my-awesome-repo
    body:
      encoding: UTF-8
      string: "{}"
    headers:
      Accept:
      - application/vnd.github.v3+json
      User-Agent:
      - Octokit Ruby Gem 4.3.0
      Content-Type:
      - application/json
      Authorization:
      - token <GITHUB_TOKEN>
      Accept-Encoding:
      - gzip;q=1.0,deflate;q=0.6,identity;q=0.3
  response:
    status:
      code: 204
      message: No Content
    headers:
      Server:
      - GitHub.com
      Date:
      - Thu, 12 May 2016 09:21:00 GMT
      Status:
      - 204 No Content
      X-Ratelimit-Limit:
      - '5000'
      X-Ratelimit-Remaining:
      - '3263'
      X-Ratelimit-Reset:
      - '1463046077'
      X-Oauth-Scopes:
      - delete_repo, repo, user:email
      X-Accepted-Oauth-Scopes:
      - delete_repo
      X-Oauth-Client-Id:
      - 5a928d2c36588bef4f4c
      X-Github-Media-Type:
      - github.v3; format=json
      Access-Control-Expose-Headers:
      - ETag, Link, X-GitHub-OTP, X-RateLimit-Limit, X-RateLimit-Remaining, X-RateLimit-Reset,
        X-OAuth-Scopes, X-Accepted-OAuth-Scopes, X-Poll-Interval
      Access-Control-Allow-Origin:
      - "*"
      Content-Security-Policy:
      - default-src 'none'
      Strict-Transport-Security:
      - max-age=31536000; includeSubdomains; preload
      X-Content-Type-Options:
      - nosniff
      X-Frame-Options:
      - deny
      X-Xss-Protection:
      - 1; mode=block
      Vary:
      - Accept-Encoding
      X-Served-By:
      - 2d7a5e35115884240089368322196939
      X-Github-Request-Id:
      - 56A82ECA:FD17:893E985:57344AFC
    body:
      encoding: UTF-8
      string: ''
    http_version: 
  recorded_at: Thu, 12 May 2016 09:21:42 GMT
recorded_with: VCR 3.0.0
