---
http_interactions:
- request:
    method: get
    uri: http://licenses.opendefinition.org/licenses/OGL-UK-3.0.json
    body:
      encoding: US-ASCII
      string: ''
    headers:
      Accept-Encoding:
      - gzip;q=1.0,deflate;q=0.6,identity;q=0.3
      Accept:
      - "*/*"
      User-Agent:
      - Ruby
  response:
    status:
      code: 200
      message: OK
    headers:
      Server:
      - GitHub.com
      Content-Type:
      - application/json; charset=utf-8
      Last-Modified:
      - Mon, 19 Jan 2015 04:59:03 GMT
      Access-Control-Allow-Origin:
      - "*"
      Expires:
      - Tue, 07 Feb 2017 20:25:31 GMT
      Cache-Control:
      - max-age=600
      X-Github-Request-Id:
      - 41C6:7E94:2A7D15E:35EC65E:589A2AE2
      Content-Length:
      - '261'
      Accept-Ranges:
      - bytes
      Date:
      - Tue, 07 Feb 2017 20:18:58 GMT
      Via:
      - 1.1 varnish
      Age:
      - '170'
      Connection:
      - keep-alive
      X-Served-By:
      - cache-lcy1135-LCY
      X-Cache:
      - HIT
      X-Cache-Hits:
      - '1'
      X-Timer:
      - S1486498738.451017,VS0,VE0
      Vary:
      - Accept-Encoding
      X-Fastly-Request-Id:
      - '096b1085187c1d7e120cfbe15d36ca4f6f1cd7f2'
    body:
      encoding: ASCII-8BIT
      string: "{\n  \"domain_content\": true, \n  \"domain_data\": true, \n  \"domain_software\":
        true, \n  \"family\": \"\", \n  \"id\": \"OGL-UK-3.0\", \n  \"is_generic\":
        false, \n  \"od_conformance\": \"approved\", \n  \"osd_conformance\": \"not
        reviewed\", \n  \"maintainer\": \"UK Government\", \n  \"status\": \"active\",
        \n  \"title\": \"Open Government Licence 3.0 (United Kingdom)\", \n  \"url\":
        \"https://www.nationalarchives.gov.uk/doc/open-government-licence/version/3/\"\n}\n"
    http_version: 
  recorded_at: Tue, 07 Feb 2017 20:18:58 GMT
- request:
    method: get
    uri: http://licenses.opendefinition.org/licenses/OGL-UK-3.0.json
    body:
      encoding: US-ASCII
      string: ''
    headers:
      Accept-Encoding:
      - gzip;q=1.0,deflate;q=0.6,identity;q=0.3
      Accept:
      - "*/*"
      User-Agent:
      - Ruby
  response:
    status:
      code: 200
      message: OK
    headers:
      Server:
      - GitHub.com
      Content-Type:
      - application/json; charset=utf-8
      Last-Modified:
      - Mon, 19 Jan 2015 04:59:03 GMT
      Access-Control-Allow-Origin:
      - "*"
      Expires:
      - Tue, 07 Feb 2017 20:25:31 GMT
      Cache-Control:
      - max-age=600
      X-Github-Request-Id:
      - 41C6:7E94:2A7D15E:35EC65E:589A2AE2
      Content-Length:
      - '261'
      Accept-Ranges:
      - bytes
      Date:
      - Tue, 07 Feb 2017 20:18:58 GMT
      Via:
      - 1.1 varnish
      Age:
      - '170'
      Connection:
      - keep-alive
      X-Served-By:
      - cache-lcy1127-LCY
      X-Cache:
      - HIT
      X-Cache-Hits:
      - '4'
      X-Timer:
      - S1486498738.527921,VS0,VE0
      Vary:
      - Accept-Encoding
      X-Fastly-Request-Id:
      - 2a0caa12d6252e50201ead7f8f424ae664d4eddd
    body:
      encoding: ASCII-8BIT
      string: "{\n  \"domain_content\": true, \n  \"domain_data\": true, \n  \"domain_software\":
        true, \n  \"family\": \"\", \n  \"id\": \"OGL-UK-3.0\", \n  \"is_generic\":
        false, \n  \"od_conformance\": \"approved\", \n  \"osd_conformance\": \"not
        reviewed\", \n  \"maintainer\": \"UK Government\", \n  \"status\": \"active\",
        \n  \"title\": \"Open Government Licence 3.0 (United Kingdom)\", \n  \"url\":
        \"https://www.nationalarchives.gov.uk/doc/open-government-licence/version/3/\"\n}\n"
    http_version: 
  recorded_at: Tue, 07 Feb 2017 20:18:58 GMT
- request:
    method: get
    uri: http://licenses.opendefinition.org/licenses/OGL-UK-3.0.json
    body:
      encoding: US-ASCII
      string: ''
    headers:
      Accept-Encoding:
      - gzip;q=1.0,deflate;q=0.6,identity;q=0.3
      Accept:
      - "*/*"
      User-Agent:
      - Ruby
  response:
    status:
      code: 200
      message: OK
    headers:
      Server:
      - GitHub.com
      Content-Type:
      - application/json; charset=utf-8
      Last-Modified:
      - Mon, 19 Jan 2015 04:59:03 GMT
      Access-Control-Allow-Origin:
      - "*"
      Expires:
      - Tue, 07 Feb 2017 20:25:31 GMT
      Cache-Control:
      - max-age=600
      X-Github-Request-Id:
      - 41C6:7E94:2A7D15E:35EC65E:589A2AE2
      Content-Length:
      - '261'
      Accept-Ranges:
      - bytes
      Date:
      - Tue, 07 Feb 2017 20:18:58 GMT
      Via:
      - 1.1 varnish
      Age:
      - '170'
      Connection:
      - keep-alive
      X-Served-By:
      - cache-lcy1151-LCY
      X-Cache:
      - HIT
      X-Cache-Hits:
      - '1'
      X-Timer:
      - S1486498738.602619,VS0,VE0
      Vary:
      - Accept-Encoding
      X-Fastly-Request-Id:
      - d51694a9785002919cc42a12f375c7af0c76ce2d
    body:
      encoding: ASCII-8BIT
      string: "{\n  \"domain_content\": true, \n  \"domain_data\": true, \n  \"domain_software\":
        true, \n  \"family\": \"\", \n  \"id\": \"OGL-UK-3.0\", \n  \"is_generic\":
        false, \n  \"od_conformance\": \"approved\", \n  \"osd_conformance\": \"not
        reviewed\", \n  \"maintainer\": \"UK Government\", \n  \"status\": \"active\",
        \n  \"title\": \"Open Government Licence 3.0 (United Kingdom)\", \n  \"url\":
        \"https://www.nationalarchives.gov.uk/doc/open-government-licence/version/3/\"\n}\n"
    http_version: 
  recorded_at: Tue, 07 Feb 2017 20:18:58 GMT
- request:
    method: get
    uri: http://licenses.opendefinition.org/licenses/OGL-UK-3.0.json
    body:
      encoding: US-ASCII
      string: ''
    headers:
      Accept-Encoding:
      - gzip;q=1.0,deflate;q=0.6,identity;q=0.3
      Accept:
      - "*/*"
      User-Agent:
      - Ruby
  response:
    status:
      code: 200
      message: OK
    headers:
      Server:
      - GitHub.com
      Content-Type:
      - application/json; charset=utf-8
      Last-Modified:
      - Mon, 19 Jan 2015 04:59:03 GMT
      Access-Control-Allow-Origin:
      - "*"
      Expires:
      - Tue, 07 Feb 2017 20:25:31 GMT
      Cache-Control:
      - max-age=600
      X-Github-Request-Id:
      - 41C6:7E94:2A7D15E:35EC65E:589A2AE2
      Content-Length:
      - '261'
      Accept-Ranges:
      - bytes
      Date:
      - Tue, 07 Feb 2017 20:18:58 GMT
      Via:
      - 1.1 varnish
      Age:
      - '170'
      Connection:
      - keep-alive
      X-Served-By:
      - cache-lcy1135-LCY
      X-Cache:
      - HIT
      X-Cache-Hits:
      - '2'
      X-Timer:
      - S1486498738.652141,VS0,VE0
      Vary:
      - Accept-Encoding
      X-Fastly-Request-Id:
      - de9dcca4a09cc87f23a2f07e634512174649821e
    body:
      encoding: ASCII-8BIT
      string: "{\n  \"domain_content\": true, \n  \"domain_data\": true, \n  \"domain_software\":
        true, \n  \"family\": \"\", \n  \"id\": \"OGL-UK-3.0\", \n  \"is_generic\":
        false, \n  \"od_conformance\": \"approved\", \n  \"osd_conformance\": \"not
        reviewed\", \n  \"maintainer\": \"UK Government\", \n  \"status\": \"active\",
        \n  \"title\": \"Open Government Licence 3.0 (United Kingdom)\", \n  \"url\":
        \"https://www.nationalarchives.gov.uk/doc/open-government-licence/version/3/\"\n}\n"
    http_version: 
  recorded_at: Tue, 07 Feb 2017 20:18:58 GMT
recorded_with: VCR 3.0.3
